Operator override: staging climbmix (ignoring F12 verdict)
F12 winner: climbmix — loading tokenizer from /workspace/scratch_llm/artifacts/f12_corpus_ablation/climbmix
download plan: 20 file(s), 8.86 GiB ≈ 3.22e+09 tokens (target 2.5e+09 @ 2.95 B/token est.)
  climbmix_small/shard_0.tokenized.parquet  403.5 MiB
  climbmix_small/shard_1.tokenized.parquet  424.5 MiB
  climbmix_small/shard_10.tokenized.parquet  452.0 MiB
  climbmix_small/shard_11.tokenized.parquet  483.6 MiB
  climbmix_small/shard_12.tokenized.parquet  501.3 MiB
  climbmix_small/shard_13.tokenized.parquet  364.3 MiB
  climbmix_small/shard_14.tokenized.parquet  394.7 MiB
  climbmix_small/shard_15.tokenized.parquet  276.1 MiB
  climbmix_small/shard_16.tokenized.parquet  535.5 MiB
  climbmix_small/shard_17.tokenized.parquet  879.9 MiB
  climbmix_small/shard_18.tokenized.parquet  509.3 MiB
  climbmix_small/shard_19.tokenized.parquet  427.7 MiB
  climbmix_small/shard_2.tokenized.parquet  508.2 MiB
  climbmix_small/shard_20.tokenized.parquet  332.0 MiB
  climbmix_small/shard_21.tokenized.parquet  451.7 MiB
  climbmix_small/shard_22.tokenized.parquet  303.5 MiB
  climbmix_small/shard_23.tokenized.parquet  482.8 MiB
  climbmix_small/shard_24.tokenized.parquet  451.2 MiB
  climbmix_small/shard_25.tokenized.parquet  455.0 MiB
  climbmix_small/shard_26.tokenized.parquet  433.7 MiB
fetched shard_0.tokenized.parquet (403.5 MiB)
fetched shard_1.tokenized.parquet (424.5 MiB)
fetched shard_10.tokenized.parquet (452.0 MiB)
fetched shard_11.tokenized.parquet (483.6 MiB)
fetched shard_12.tokenized.parquet (501.3 MiB)
fetched shard_13.tokenized.parquet (364.3 MiB)
fetched shard_14.tokenized.parquet (394.7 MiB)
fetched shard_15.tokenized.parquet (276.1 MiB)
fetched shard_16.tokenized.parquet (535.5 MiB)
fetched shard_17.tokenized.parquet (879.9 MiB)
fetched shard_18.tokenized.parquet (509.3 MiB)
fetched shard_19.tokenized.parquet (427.7 MiB)
fetched shard_2.tokenized.parquet (508.2 MiB)
fetched shard_20.tokenized.parquet (332.0 MiB)
fetched shard_21.tokenized.parquet (451.7 MiB)
fetched shard_22.tokenized.parquet (303.5 MiB)
fetched shard_23.tokenized.parquet (482.8 MiB)
fetched shard_24.tokenized.parquet (451.2 MiB)
fetched shard_25.tokenized.parquet (455.0 MiB)
fetched shard_26.tokenized.parquet (433.7 MiB)
shard_00000: 16,777,679 tokens, 53,113 docs (total 16,777,679 / 2,500,000,000)
shard_00001: 16,777,305 tokens, 41,025 docs (total 33,554,984 / 2,500,000,000)
shard_00002: 16,777,578 tokens, 44,722 docs (total 50,332,562 / 2,500,000,000)
shard_00003: 16,777,724 tokens, 24,065 docs (total 67,110,286 / 2,500,000,000)
shard_00004: 16,782,132 tokens, 20,443 docs (total 83,892,418 / 2,500,000,000)
shard_00005: 16,777,500 tokens, 19,861 docs (total 100,669,918 / 2,500,000,000)
shard_00006: 16,777,921 tokens, 23,964 docs (total 117,447,839 / 2,500,000,000)
shard_00007: 16,777,548 tokens, 23,335 docs (total 134,225,387 / 2,500,000,000)
shard_00008: 16,777,583 tokens, 16,259 docs (total 151,002,970 / 2,500,000,000)
shard_00009: 16,777,488 tokens, 16,201 docs (total 167,780,458 / 2,500,000,000)
shard_00010: 16,777,315 tokens, 16,507 docs (total 184,557,773 / 2,500,000,000)
shard_00011: 16,778,674 tokens, 16,404 docs (total 201,336,447 / 2,500,000,000)
shard_00012: 16,777,396 tokens, 25,915 docs (total 218,113,843 / 2,500,000,000)
shard_00013: 16,777,385 tokens, 41,824 docs (total 234,891,228 / 2,500,000,000)
shard_00014: 16,780,195 tokens, 24,402 docs (total 251,671,423 / 2,500,000,000)
shard_00015: 16,777,683 tokens, 37,239 docs (total 268,449,106 / 2,500,000,000)
shard_00016: 16,777,400 tokens, 14,836 docs (total 285,226,506 / 2,500,000,000)
shard_00017: 16,777,235 tokens, 34,049 docs (total 302,003,741 / 2,500,000,000)
shard_00018: 16,777,556 tokens, 26,761 docs (total 318,781,297 / 2,500,000,000)
shard_00019: 16,777,737 tokens, 20,345 docs (total 335,559,034 / 2,500,000,000)
shard_00020: 16,777,533 tokens, 20,431 docs (total 352,336,567 / 2,500,000,000)
shard_00021: 16,777,374 tokens, 20,323 docs (total 369,113,941 / 2,500,000,000)
shard_00022: 16,777,571 tokens, 20,323 docs (total 385,891,512 / 2,500,000,000)
shard_00023: 16,778,387 tokens, 20,353 docs (total 402,669,899 / 2,500,000,000)
shard_00024: 16,777,665 tokens, 20,381 docs (total 419,447,564 / 2,500,000,000)
shard_00025: 16,778,496 tokens, 20,357 docs (total 436,226,060 / 2,500,000,000)
shard_00026: 16,777,616 tokens, 32,359 docs (total 453,003,676 / 2,500,000,000)
shard_00027: 16,777,554 tokens, 21,398 docs (total 469,781,230 / 2,500,000,000)
shard_00028: 16,779,902 tokens, 21,464 docs (total 486,561,132 / 2,500,000,000)
shard_00029: 16,778,004 tokens, 20,927 docs (total 503,339,136 / 2,500,000,000)
shard_00030: 16,777,223 tokens, 20,717 docs (total 520,116,359 / 2,500,000,000)
shard_00031: 16,777,517 tokens, 20,993 docs (total 536,893,876 / 2,500,000,000)
shard_00032: 16,777,960 tokens, 18,436 docs (total 553,671,836 / 2,500,000,000)
shard_00033: 16,777,854 tokens, 49,147 docs (total 570,449,690 / 2,500,000,000)
shard_00034: 16,777,846 tokens, 32,143 docs (total 587,227,536 / 2,500,000,000)
shard_00035: 16,777,224 tokens, 42,842 docs (total 604,004,760 / 2,500,000,000)
shard_00036: 16,777,793 tokens, 26,958 docs (total 620,782,553 / 2,500,000,000)
shard_00037: 16,777,417 tokens, 26,845 docs (total 637,559,970 / 2,500,000,000)
shard_00038: 16,778,440 tokens, 24,178 docs (total 654,338,410 / 2,500,000,000)
shard_00039: 16,777,251 tokens, 21,941 docs (total 671,115,661 / 2,500,000,000)
shard_00040: 16,777,886 tokens, 19,063 docs (total 687,893,547 / 2,500,000,000)
shard_00041: 16,777,374 tokens, 18,988 docs (total 704,670,921 / 2,500,000,000)
shard_00042: 16,782,715 tokens, 18,581 docs (total 721,453,636 / 2,500,000,000)
shard_00043: 16,777,729 tokens, 19,332 docs (total 738,231,365 / 2,500,000,000)
shard_00044: 16,777,343 tokens, 19,156 docs (total 755,008,708 / 2,500,000,000)
shard_00045: 16,802,218 tokens, 18,652 docs (total 771,810,926 / 2,500,000,000)
shard_00046: 16,782,218 tokens, 18,545 docs (total 788,593,144 / 2,500,000,000)
shard_00047: 16,810,297 tokens, 18,759 docs (total 805,403,441 / 2,500,000,000)
shard_00048: 16,807,400 tokens, 18,197 docs (total 822,210,841 / 2,500,000,000)
shard_00049: 16,778,541 tokens, 18,675 docs (total 838,989,382 / 2,500,000,000)
shard_00050: 16,778,321 tokens, 18,859 docs (total 855,767,703 / 2,500,000,000)
shard_00051: 16,848,044 tokens, 19,488 docs (total 872,615,747 / 2,500,000,000)
shard_00052: 16,777,760 tokens, 18,887 docs (total 889,393,507 / 2,500,000,000)
shard_00053: 16,778,429 tokens, 18,685 docs (total 906,171,936 / 2,500,000,000)
shard_00054: 16,782,124 tokens, 19,021 docs (total 922,954,060 / 2,500,000,000)
shard_00055: 16,778,017 tokens, 18,923 docs (total 939,732,077 / 2,500,000,000)
shard_00056: 16,781,399 tokens, 18,729 docs (total 956,513,476 / 2,500,000,000)
shard_00057: 16,779,484 tokens, 19,082 docs (total 973,292,960 / 2,500,000,000)
shard_00058: 16,777,740 tokens, 18,692 docs (total 990,070,700 / 2,500,000,000)
shard_00059: 16,778,015 tokens, 32,266 docs (total 1,006,848,715 / 2,500,000,000)
shard_00060: 16,777,640 tokens, 43,792 docs (total 1,023,626,355 / 2,500,000,000)
shard_00061: 16,777,546 tokens, 48,001 docs (total 1,040,403,901 / 2,500,000,000)
shard_00062: 16,777,865 tokens, 33,103 docs (total 1,057,181,766 / 2,500,000,000)
shard_00063: 16,782,276 tokens, 15,744 docs (total 1,073,964,042 / 2,500,000,000)
shard_00064: 16,863,323 tokens, 14,915 docs (total 1,090,827,365 / 2,500,000,000)
shard_00065: 16,778,380 tokens, 15,764 docs (total 1,107,605,745 / 2,500,000,000)
shard_00066: 16,778,271 tokens, 15,974 docs (total 1,124,384,016 / 2,500,000,000)
shard_00067: 16,782,302 tokens, 15,719 docs (total 1,141,166,318 / 2,500,000,000)
shard_00068: 16,777,248 tokens, 15,659 docs (total 1,157,943,566 / 2,500,000,000)
shard_00069: 16,777,345 tokens, 15,861 docs (total 1,174,720,911 / 2,500,000,000)
shard_00070: 16,777,494 tokens, 16,027 docs (total 1,191,498,405 / 2,500,000,000)
shard_00071: 16,777,696 tokens, 15,830 docs (total 1,208,276,101 / 2,500,000,000)
shard_00072: 16,778,443 tokens, 15,764 docs (total 1,225,054,544 / 2,500,000,000)
shard_00073: 16,777,335 tokens, 15,742 docs (total 1,241,831,879 / 2,500,000,000)
shard_00074: 16,777,817 tokens, 30,446 docs (total 1,258,609,696 / 2,500,000,000)
shard_00075: 16,777,984 tokens, 33,879 docs (total 1,275,387,680 / 2,500,000,000)
shard_00076: 16,777,234 tokens, 26,841 docs (total 1,292,164,914 / 2,500,000,000)
shard_00077: 16,777,974 tokens, 26,650 docs (total 1,308,942,888 / 2,500,000,000)
shard_00078: 16,777,555 tokens, 31,281 docs (total 1,325,720,443 / 2,500,000,000)
shard_00079: 16,777,365 tokens, 19,631 docs (total 1,342,497,808 / 2,500,000,000)
shard_00080: 16,777,628 tokens, 28,550 docs (total 1,359,275,436 / 2,500,000,000)
shard_00081: 16,777,243 tokens, 22,963 docs (total 1,376,052,679 / 2,500,000,000)
shard_00082: 16,778,062 tokens, 23,611 docs (total 1,392,830,741 / 2,500,000,000)
shard_00083: 16,777,367 tokens, 17,995 docs (total 1,409,608,108 / 2,500,000,000)
shard_00084: 16,777,861 tokens, 17,766 docs (total 1,426,385,969 / 2,500,000,000)
shard_00085: 16,778,751 tokens, 17,457 docs (total 1,443,164,720 / 2,500,000,000)
shard_00086: 16,777,434 tokens, 17,921 docs (total 1,459,942,154 / 2,500,000,000)
shard_00087: 16,778,064 tokens, 18,080 docs (total 1,476,720,218 / 2,500,000,000)
shard_00088: 16,783,253 tokens, 17,749 docs (total 1,493,503,471 / 2,500,000,000)
shard_00089: 16,778,782 tokens, 13,398 docs (total 1,510,282,253 / 2,500,000,000)
shard_00090: 16,777,588 tokens, 3,160 docs (total 1,527,059,841 / 2,500,000,000)
shard_00091: 16,777,759 tokens, 3,083 docs (total 1,543,837,600 / 2,500,000,000)
shard_00092: 16,787,233 tokens, 3,057 docs (total 1,560,624,833 / 2,500,000,000)
shard_00093: 16,784,813 tokens, 3,044 docs (total 1,577,409,646 / 2,500,000,000)
shard_00094: 16,778,985 tokens, 3,775 docs (total 1,594,188,631 / 2,500,000,000)
shard_00095: 16,777,461 tokens, 4,935 docs (total 1,610,966,092 / 2,500,000,000)
shard_00096: 16,777,630 tokens, 4,515 docs (total 1,627,743,722 / 2,500,000,000)
shard_00097: 16,778,030 tokens, 16,405 docs (total 1,644,521,752 / 2,500,000,000)
shard_00098: 16,778,142 tokens, 19,010 docs (total 1,661,299,894 / 2,500,000,000)
shard_00099: 16,777,319 tokens, 19,072 docs (total 1,678,077,213 / 2,500,000,000)
shard_00100: 16,777,822 tokens, 19,042 docs (total 1,694,855,035 / 2,500,000,000)
shard_00101: 16,777,674 tokens, 19,052 docs (total 1,711,632,709 / 2,500,000,000)
shard_00102: 16,777,370 tokens, 19,057 docs (total 1,728,410,079 / 2,500,000,000)
shard_00103: 16,777,449 tokens, 19,037 docs (total 1,745,187,528 / 2,500,000,000)
shard_00104: 16,777,748 tokens, 19,103 docs (total 1,761,965,276 / 2,500,000,000)
shard_00105: 16,777,571 tokens, 19,100 docs (total 1,778,742,847 / 2,500,000,000)
shard_00106: 16,777,450 tokens, 19,087 docs (total 1,795,520,297 / 2,500,000,000)
shard_00107: 16,777,498 tokens, 19,016 docs (total 1,812,297,795 / 2,500,000,000)
shard_00108: 16,777,407 tokens, 19,019 docs (total 1,829,075,202 / 2,500,000,000)
shard_00109: 16,777,955 tokens, 19,029 docs (total 1,845,853,157 / 2,500,000,000)
shard_00110: 16,777,566 tokens, 19,061 docs (total 1,862,630,723 / 2,500,000,000)
shard_00111: 16,777,295 tokens, 14,588 docs (total 1,879,408,018 / 2,500,000,000)
shard_00112: 16,777,573 tokens, 31,201 docs (total 1,896,185,591 / 2,500,000,000)
shard_00113: 16,777,330 tokens, 26,032 docs (total 1,912,962,921 / 2,500,000,000)
shard_00114: 16,777,314 tokens, 15,973 docs (total 1,929,740,235 / 2,500,000,000)
shard_00115: 16,778,913 tokens, 15,954 docs (total 1,946,519,148 / 2,500,000,000)
shard_00116: 16,777,628 tokens, 15,853 docs (total 1,963,296,776 / 2,500,000,000)
shard_00117: 16,777,337 tokens, 45,572 docs (total 1,980,074,113 / 2,500,000,000)
shard_00118: 16,777,916 tokens, 21,176 docs (total 1,996,852,029 / 2,500,000,000)
shard_00119: 16,778,143 tokens, 21,346 docs (total 2,013,630,172 / 2,500,000,000)
shard_00120: 16,777,350 tokens, 22,775 docs (total 2,030,407,522 / 2,500,000,000)
shard_00121: 16,781,426 tokens, 28,293 docs (total 2,047,188,948 / 2,500,000,000)
shard_00122: 16,777,269 tokens, 27,309 docs (total 2,063,966,217 / 2,500,000,000)
shard_00123: 16,777,471 tokens, 44,005 docs (total 2,080,743,688 / 2,500,000,000)
shard_00124: 16,777,650 tokens, 45,540 docs (total 2,097,521,338 / 2,500,000,000)
shard_00125: 16,777,878 tokens, 41,075 docs (total 2,114,299,216 / 2,500,000,000)
shard_00126: 16,777,614 tokens, 43,504 docs (total 2,131,076,830 / 2,500,000,000)
shard_00127: 16,777,420 tokens, 25,278 docs (total 2,147,854,250 / 2,500,000,000)
shard_00128: 16,777,305 tokens, 44,438 docs (total 2,164,631,555 / 2,500,000,000)
shard_00129: 16,778,389 tokens, 51,582 docs (total 2,181,409,944 / 2,500,000,000)
shard_00130: 16,777,634 tokens, 10,625 docs (total 2,198,187,578 / 2,500,000,000)
shard_00131: 16,777,879 tokens, 10,285 docs (total 2,214,965,457 / 2,500,000,000)
shard_00132: 16,777,552 tokens, 38,404 docs (total 2,231,743,009 / 2,500,000,000)
shard_00133: 16,777,620 tokens, 35,545 docs (total 2,248,520,629 / 2,500,000,000)
shard_00134: 16,777,824 tokens, 5,241 docs (total 2,265,298,453 / 2,500,000,000)
shard_00135: 16,783,080 tokens, 23,510 docs (total 2,282,081,533 / 2,500,000,000)
shard_00136: 16,781,580 tokens, 3,909 docs (total 2,298,863,113 / 2,500,000,000)
shard_00137: 16,778,144 tokens, 4,988 docs (total 2,315,641,257 / 2,500,000,000)
shard_00138: 16,778,012 tokens, 11,739 docs (total 2,332,419,269 / 2,500,000,000)
shard_00139: 16,777,367 tokens, 25,326 docs (total 2,349,196,636 / 2,500,000,000)
shard_00140: 16,777,640 tokens, 30,802 docs (total 2,365,974,276 / 2,500,000,000)
shard_00141: 16,777,672 tokens, 45,535 docs (total 2,382,751,948 / 2,500,000,000)
shard_00142: 16,777,362 tokens, 43,312 docs (total 2,399,529,310 / 2,500,000,000)
shard_00143: 16,778,705 tokens, 50,811 docs (total 2,416,308,015 / 2,500,000,000)
shard_00144: 16,778,191 tokens, 20,723 docs (total 2,433,086,206 / 2,500,000,000)
shard_00145: 16,777,402 tokens, 52,251 docs (total 2,449,863,608 / 2,500,000,000)
shard_00146: 16,777,947 tokens, 49,730 docs (total 2,466,641,555 / 2,500,000,000)
shard_00147: 16,777,222 tokens, 28,048 docs (total 2,483,418,777 / 2,500,000,000)
shard_00148: 16,777,955 tokens, 21,253 docs (total 2,500,196,732 / 2,500,000,000)
shard_00149: 326,543 tokens, 411 docs (total 2,500,523,275 / 2,500,000,000)

Staged 2,500,523,275 tokens in 150 shards → /workspace/scratch_llm/artifacts/s3_scaling_sweep/data
