[2026-08-03T13:52:56Z] phase 1 starting
[2026-08-03T13:52:56Z] rebuilding climbmix tokenizer
fetched shard_0.tokenized.parquet (403.5 MiB)
BPE sample: 20,101 docs, 16.0 MiB (cap 16 MiB) → train_bpe(vocab_size=32768)
saved tokenizer → /root/cs336/scratch_llm/artifacts/f12_corpus_ablation/climbmix/tokenizer.json
[2026-08-03T14:01:50Z] staging corpus (target 3950000000 tokens)
Operator override: staging climbmix (ignoring F12 verdict)
F12 winner: climbmix — loading tokenizer from /root/cs336/scratch_llm/artifacts/f12_corpus_ablation/climbmix
download plan: 30 file(s), 13.99 GiB ≈ 5.09e+09 tokens (target 3.95e+09 @ 2.95 B/token est.)
  climbmix_small/shard_0.tokenized.parquet  403.5 MiB
  climbmix_small/shard_1.tokenized.parquet  424.5 MiB
  climbmix_small/shard_10.tokenized.parquet  452.0 MiB
  climbmix_small/shard_11.tokenized.parquet  483.6 MiB
  climbmix_small/shard_12.tokenized.parquet  501.3 MiB
  climbmix_small/shard_13.tokenized.parquet  364.3 MiB
  climbmix_small/shard_14.tokenized.parquet  394.7 MiB
  climbmix_small/shard_15.tokenized.parquet  276.1 MiB
  climbmix_small/shard_16.tokenized.parquet  535.5 MiB
  climbmix_small/shard_17.tokenized.parquet  879.9 MiB
  climbmix_small/shard_18.tokenized.parquet  509.3 MiB
  climbmix_small/shard_19.tokenized.parquet  427.7 MiB
  climbmix_small/shard_2.tokenized.parquet  508.2 MiB
  climbmix_small/shard_20.tokenized.parquet  332.0 MiB
  climbmix_small/shard_21.tokenized.parquet  451.7 MiB
  climbmix_small/shard_22.tokenized.parquet  303.5 MiB
  climbmix_small/shard_23.tokenized.parquet  482.8 MiB
  climbmix_small/shard_24.tokenized.parquet  451.2 MiB
  climbmix_small/shard_25.tokenized.parquet  455.0 MiB
  climbmix_small/shard_26.tokenized.parquet  433.7 MiB
  climbmix_small/shard_27.tokenized.parquet  457.2 MiB
  climbmix_small/shard_28.tokenized.parquet  412.4 MiB
  climbmix_small/shard_29.tokenized.parquet  759.4 MiB
  climbmix_small/shard_3.tokenized.parquet  605.4 MiB
  climbmix_small/shard_30.tokenized.parquet  756.9 MiB
  climbmix_small/shard_31.tokenized.parquet  439.5 MiB
  climbmix_small/shard_32.tokenized.parquet  463.2 MiB
  climbmix_small/shard_33.tokenized.parquet  337.0 MiB
  climbmix_small/shard_34.tokenized.parquet  494.8 MiB
  climbmix_small/shard_35.tokenized.parquet  527.6 MiB
cached  shard_0.tokenized.parquet (403.5 MiB)
fetched shard_1.tokenized.parquet (424.5 MiB)
fetched shard_10.tokenized.parquet (452.0 MiB)
fetched shard_11.tokenized.parquet (483.6 MiB)
fetched shard_12.tokenized.parquet (501.3 MiB)
fetched shard_13.tokenized.parquet (364.3 MiB)
fetched shard_14.tokenized.parquet (394.7 MiB)
fetched shard_15.tokenized.parquet (276.1 MiB)
fetched shard_16.tokenized.parquet (535.5 MiB)
fetched shard_17.tokenized.parquet (879.9 MiB)
fetched shard_18.tokenized.parquet (509.3 MiB)
fetched shard_19.tokenized.parquet (427.7 MiB)
fetched shard_2.tokenized.parquet (508.2 MiB)
fetched shard_20.tokenized.parquet (332.0 MiB)
fetched shard_21.tokenized.parquet (451.7 MiB)
fetched shard_22.tokenized.parquet (303.5 MiB)
fetched shard_23.tokenized.parquet (482.8 MiB)
fetched shard_24.tokenized.parquet (451.2 MiB)
fetched shard_25.tokenized.parquet (455.0 MiB)
fetched shard_26.tokenized.parquet (433.7 MiB)
fetched shard_27.tokenized.parquet (457.2 MiB)
fetched shard_28.tokenized.parquet (412.4 MiB)
fetched shard_29.tokenized.parquet (759.4 MiB)
fetched shard_3.tokenized.parquet (605.4 MiB)
fetched shard_30.tokenized.parquet (756.9 MiB)
fetched shard_31.tokenized.parquet (439.5 MiB)
fetched shard_32.tokenized.parquet (463.2 MiB)
fetched shard_33.tokenized.parquet (337.0 MiB)
fetched shard_34.tokenized.parquet (494.8 MiB)
fetched shard_35.tokenized.parquet (527.6 MiB)
shard_00000: 16,777,679 tokens, 53,113 docs (total 16,777,679 / 3,950,000,000)
shard_00001: 16,777,305 tokens, 41,025 docs (total 33,554,984 / 3,950,000,000)
shard_00002: 16,777,578 tokens, 44,722 docs (total 50,332,562 / 3,950,000,000)
shard_00003: 16,777,724 tokens, 24,065 docs (total 67,110,286 / 3,950,000,000)
shard_00004: 16,782,132 tokens, 20,443 docs (total 83,892,418 / 3,950,000,000)
shard_00005: 16,777,500 tokens, 19,861 docs (total 100,669,918 / 3,950,000,000)
shard_00006: 16,777,921 tokens, 23,964 docs (total 117,447,839 / 3,950,000,000)
shard_00007: 16,777,548 tokens, 23,335 docs (total 134,225,387 / 3,950,000,000)
shard_00008: 16,777,583 tokens, 16,259 docs (total 151,002,970 / 3,950,000,000)
shard_00009: 16,777,488 tokens, 16,201 docs (total 167,780,458 / 3,950,000,000)
shard_00010: 16,777,315 tokens, 16,507 docs (total 184,557,773 / 3,950,000,000)
shard_00011: 16,778,674 tokens, 16,404 docs (total 201,336,447 / 3,950,000,000)
shard_00012: 16,777,396 tokens, 25,915 docs (total 218,113,843 / 3,950,000,000)
shard_00013: 16,777,385 tokens, 41,824 docs (total 234,891,228 / 3,950,000,000)
shard_00014: 16,780,195 tokens, 24,402 docs (total 251,671,423 / 3,950,000,000)
shard_00015: 16,777,683 tokens, 37,239 docs (total 268,449,106 / 3,950,000,000)
shard_00016: 16,777,400 tokens, 14,836 docs (total 285,226,506 / 3,950,000,000)
shard_00017: 16,777,235 tokens, 34,049 docs (total 302,003,741 / 3,950,000,000)
shard_00018: 16,777,556 tokens, 26,761 docs (total 318,781,297 / 3,950,000,000)
shard_00019: 16,777,737 tokens, 20,345 docs (total 335,559,034 / 3,950,000,000)
shard_00020: 16,777,533 tokens, 20,431 docs (total 352,336,567 / 3,950,000,000)
shard_00021: 16,777,374 tokens, 20,323 docs (total 369,113,941 / 3,950,000,000)
shard_00022: 16,777,571 tokens, 20,323 docs (total 385,891,512 / 3,950,000,000)
shard_00023: 16,778,387 tokens, 20,353 docs (total 402,669,899 / 3,950,000,000)
shard_00024: 16,777,665 tokens, 20,381 docs (total 419,447,564 / 3,950,000,000)
shard_00025: 16,778,496 tokens, 20,357 docs (total 436,226,060 / 3,950,000,000)
shard_00026: 16,777,616 tokens, 32,359 docs (total 453,003,676 / 3,950,000,000)
shard_00027: 16,777,554 tokens, 21,398 docs (total 469,781,230 / 3,950,000,000)
shard_00028: 16,779,902 tokens, 21,464 docs (total 486,561,132 / 3,950,000,000)
shard_00029: 16,778,004 tokens, 20,927 docs (total 503,339,136 / 3,950,000,000)
shard_00030: 16,777,223 tokens, 20,717 docs (total 520,116,359 / 3,950,000,000)
shard_00031: 16,777,517 tokens, 20,993 docs (total 536,893,876 / 3,950,000,000)
shard_00032: 16,777,960 tokens, 18,436 docs (total 553,671,836 / 3,950,000,000)
shard_00033: 16,777,854 tokens, 49,147 docs (total 570,449,690 / 3,950,000,000)
shard_00034: 16,777,846 tokens, 32,143 docs (total 587,227,536 / 3,950,000,000)
shard_00035: 16,777,224 tokens, 42,842 docs (total 604,004,760 / 3,950,000,000)
shard_00036: 16,777,793 tokens, 26,958 docs (total 620,782,553 / 3,950,000,000)
shard_00037: 16,777,417 tokens, 26,845 docs (total 637,559,970 / 3,950,000,000)
shard_00038: 16,778,440 tokens, 24,178 docs (total 654,338,410 / 3,950,000,000)
shard_00039: 16,777,251 tokens, 21,941 docs (total 671,115,661 / 3,950,000,000)
shard_00040: 16,777,886 tokens, 19,063 docs (total 687,893,547 / 3,950,000,000)
shard_00041: 16,777,374 tokens, 18,988 docs (total 704,670,921 / 3,950,000,000)
shard_00042: 16,782,715 tokens, 18,581 docs (total 721,453,636 / 3,950,000,000)
shard_00043: 16,777,729 tokens, 19,332 docs (total 738,231,365 / 3,950,000,000)
shard_00044: 16,777,343 tokens, 19,156 docs (total 755,008,708 / 3,950,000,000)
shard_00045: 16,802,218 tokens, 18,652 docs (total 771,810,926 / 3,950,000,000)
shard_00046: 16,782,218 tokens, 18,545 docs (total 788,593,144 / 3,950,000,000)
shard_00047: 16,810,297 tokens, 18,759 docs (total 805,403,441 / 3,950,000,000)
shard_00048: 16,807,400 tokens, 18,197 docs (total 822,210,841 / 3,950,000,000)
shard_00049: 16,778,541 tokens, 18,675 docs (total 838,989,382 / 3,950,000,000)
shard_00050: 16,778,321 tokens, 18,859 docs (total 855,767,703 / 3,950,000,000)
shard_00051: 16,848,044 tokens, 19,488 docs (total 872,615,747 / 3,950,000,000)
shard_00052: 16,777,760 tokens, 18,887 docs (total 889,393,507 / 3,950,000,000)
shard_00053: 16,778,429 tokens, 18,685 docs (total 906,171,936 / 3,950,000,000)
shard_00054: 16,782,124 tokens, 19,021 docs (total 922,954,060 / 3,950,000,000)
shard_00055: 16,778,017 tokens, 18,923 docs (total 939,732,077 / 3,950,000,000)
shard_00056: 16,781,399 tokens, 18,729 docs (total 956,513,476 / 3,950,000,000)
shard_00057: 16,779,484 tokens, 19,082 docs (total 973,292,960 / 3,950,000,000)
shard_00058: 16,777,740 tokens, 18,692 docs (total 990,070,700 / 3,950,000,000)
shard_00059: 16,778,015 tokens, 32,266 docs (total 1,006,848,715 / 3,950,000,000)
shard_00060: 16,777,640 tokens, 43,792 docs (total 1,023,626,355 / 3,950,000,000)
shard_00061: 16,777,546 tokens, 48,001 docs (total 1,040,403,901 / 3,950,000,000)
shard_00062: 16,777,865 tokens, 33,103 docs (total 1,057,181,766 / 3,950,000,000)
shard_00063: 16,782,276 tokens, 15,744 docs (total 1,073,964,042 / 3,950,000,000)
shard_00064: 16,863,323 tokens, 14,915 docs (total 1,090,827,365 / 3,950,000,000)
shard_00065: 16,778,380 tokens, 15,764 docs (total 1,107,605,745 / 3,950,000,000)
shard_00066: 16,778,271 tokens, 15,974 docs (total 1,124,384,016 / 3,950,000,000)
shard_00067: 16,782,302 tokens, 15,719 docs (total 1,141,166,318 / 3,950,000,000)
shard_00068: 16,777,248 tokens, 15,659 docs (total 1,157,943,566 / 3,950,000,000)
shard_00069: 16,777,345 tokens, 15,861 docs (total 1,174,720,911 / 3,950,000,000)
shard_00070: 16,777,494 tokens, 16,027 docs (total 1,191,498,405 / 3,950,000,000)
shard_00071: 16,777,696 tokens, 15,830 docs (total 1,208,276,101 / 3,950,000,000)
shard_00072: 16,778,443 tokens, 15,764 docs (total 1,225,054,544 / 3,950,000,000)
shard_00073: 16,777,335 tokens, 15,742 docs (total 1,241,831,879 / 3,950,000,000)
shard_00074: 16,777,817 tokens, 30,446 docs (total 1,258,609,696 / 3,950,000,000)
shard_00075: 16,777,984 tokens, 33,879 docs (total 1,275,387,680 / 3,950,000,000)
shard_00076: 16,777,234 tokens, 26,841 docs (total 1,292,164,914 / 3,950,000,000)
shard_00077: 16,777,974 tokens, 26,650 docs (total 1,308,942,888 / 3,950,000,000)
shard_00078: 16,777,555 tokens, 31,281 docs (total 1,325,720,443 / 3,950,000,000)
shard_00079: 16,777,365 tokens, 19,631 docs (total 1,342,497,808 / 3,950,000,000)
shard_00080: 16,777,628 tokens, 28,550 docs (total 1,359,275,436 / 3,950,000,000)
shard_00081: 16,777,243 tokens, 22,963 docs (total 1,376,052,679 / 3,950,000,000)
shard_00082: 16,778,062 tokens, 23,611 docs (total 1,392,830,741 / 3,950,000,000)
shard_00083: 16,777,367 tokens, 17,995 docs (total 1,409,608,108 / 3,950,000,000)
shard_00084: 16,777,861 tokens, 17,766 docs (total 1,426,385,969 / 3,950,000,000)
shard_00085: 16,778,751 tokens, 17,457 docs (total 1,443,164,720 / 3,950,000,000)
shard_00086: 16,777,434 tokens, 17,921 docs (total 1,459,942,154 / 3,950,000,000)
shard_00087: 16,778,064 tokens, 18,080 docs (total 1,476,720,218 / 3,950,000,000)
shard_00088: 16,783,253 tokens, 17,749 docs (total 1,493,503,471 / 3,950,000,000)
shard_00089: 16,778,782 tokens, 13,398 docs (total 1,510,282,253 / 3,950,000,000)
shard_00090: 16,777,588 tokens, 3,160 docs (total 1,527,059,841 / 3,950,000,000)
shard_00091: 16,777,759 tokens, 3,083 docs (total 1,543,837,600 / 3,950,000,000)
shard_00092: 16,787,233 tokens, 3,057 docs (total 1,560,624,833 / 3,950,000,000)
shard_00093: 16,784,813 tokens, 3,044 docs (total 1,577,409,646 / 3,950,000,000)
shard_00094: 16,778,985 tokens, 3,775 docs (total 1,594,188,631 / 3,950,000,000)
shard_00095: 16,777,461 tokens, 4,935 docs (total 1,610,966,092 / 3,950,000,000)
shard_00096: 16,777,630 tokens, 4,515 docs (total 1,627,743,722 / 3,950,000,000)
shard_00097: 16,778,030 tokens, 16,405 docs (total 1,644,521,752 / 3,950,000,000)
shard_00098: 16,778,142 tokens, 19,010 docs (total 1,661,299,894 / 3,950,000,000)
shard_00099: 16,777,319 tokens, 19,072 docs (total 1,678,077,213 / 3,950,000,000)
shard_00100: 16,777,822 tokens, 19,042 docs (total 1,694,855,035 / 3,950,000,000)
shard_00101: 16,777,674 tokens, 19,052 docs (total 1,711,632,709 / 3,950,000,000)
shard_00102: 16,777,370 tokens, 19,057 docs (total 1,728,410,079 / 3,950,000,000)
shard_00103: 16,777,449 tokens, 19,037 docs (total 1,745,187,528 / 3,950,000,000)
shard_00104: 16,777,748 tokens, 19,103 docs (total 1,761,965,276 / 3,950,000,000)
shard_00105: 16,777,571 tokens, 19,100 docs (total 1,778,742,847 / 3,950,000,000)
shard_00106: 16,777,450 tokens, 19,087 docs (total 1,795,520,297 / 3,950,000,000)
shard_00107: 16,777,498 tokens, 19,016 docs (total 1,812,297,795 / 3,950,000,000)
shard_00108: 16,777,407 tokens, 19,019 docs (total 1,829,075,202 / 3,950,000,000)
shard_00109: 16,777,955 tokens, 19,029 docs (total 1,845,853,157 / 3,950,000,000)
shard_00110: 16,777,566 tokens, 19,061 docs (total 1,862,630,723 / 3,950,000,000)
shard_00111: 16,777,295 tokens, 14,588 docs (total 1,879,408,018 / 3,950,000,000)
shard_00112: 16,777,573 tokens, 31,201 docs (total 1,896,185,591 / 3,950,000,000)
shard_00113: 16,777,330 tokens, 26,032 docs (total 1,912,962,921 / 3,950,000,000)
shard_00114: 16,777,314 tokens, 15,973 docs (total 1,929,740,235 / 3,950,000,000)
shard_00115: 16,778,913 tokens, 15,954 docs (total 1,946,519,148 / 3,950,000,000)
shard_00116: 16,777,628 tokens, 15,853 docs (total 1,963,296,776 / 3,950,000,000)
shard_00117: 16,777,337 tokens, 45,572 docs (total 1,980,074,113 / 3,950,000,000)
shard_00118: 16,777,916 tokens, 21,176 docs (total 1,996,852,029 / 3,950,000,000)
shard_00119: 16,778,143 tokens, 21,346 docs (total 2,013,630,172 / 3,950,000,000)
shard_00120: 16,777,350 tokens, 22,775 docs (total 2,030,407,522 / 3,950,000,000)
shard_00121: 16,781,426 tokens, 28,293 docs (total 2,047,188,948 / 3,950,000,000)
shard_00122: 16,777,269 tokens, 27,309 docs (total 2,063,966,217 / 3,950,000,000)
shard_00123: 16,777,471 tokens, 44,005 docs (total 2,080,743,688 / 3,950,000,000)
shard_00124: 16,777,650 tokens, 45,540 docs (total 2,097,521,338 / 3,950,000,000)
shard_00125: 16,777,878 tokens, 41,075 docs (total 2,114,299,216 / 3,950,000,000)
shard_00126: 16,777,614 tokens, 43,504 docs (total 2,131,076,830 / 3,950,000,000)
shard_00127: 16,777,420 tokens, 25,278 docs (total 2,147,854,250 / 3,950,000,000)
shard_00128: 16,777,305 tokens, 44,438 docs (total 2,164,631,555 / 3,950,000,000)
shard_00129: 16,778,389 tokens, 51,582 docs (total 2,181,409,944 / 3,950,000,000)
shard_00130: 16,777,634 tokens, 10,625 docs (total 2,198,187,578 / 3,950,000,000)
shard_00131: 16,777,879 tokens, 10,285 docs (total 2,214,965,457 / 3,950,000,000)
shard_00132: 16,777,552 tokens, 38,404 docs (total 2,231,743,009 / 3,950,000,000)
shard_00133: 16,777,620 tokens, 35,545 docs (total 2,248,520,629 / 3,950,000,000)
shard_00134: 16,777,824 tokens, 5,241 docs (total 2,265,298,453 / 3,950,000,000)
shard_00135: 16,783,080 tokens, 23,510 docs (total 2,282,081,533 / 3,950,000,000)
shard_00136: 16,781,580 tokens, 3,909 docs (total 2,298,863,113 / 3,950,000,000)
shard_00137: 16,778,144 tokens, 4,988 docs (total 2,315,641,257 / 3,950,000,000)
shard_00138: 16,778,012 tokens, 11,739 docs (total 2,332,419,269 / 3,950,000,000)
shard_00139: 16,777,367 tokens, 25,326 docs (total 2,349,196,636 / 3,950,000,000)
shard_00140: 16,777,640 tokens, 30,802 docs (total 2,365,974,276 / 3,950,000,000)
shard_00141: 16,777,672 tokens, 45,535 docs (total 2,382,751,948 / 3,950,000,000)
shard_00142: 16,777,362 tokens, 43,312 docs (total 2,399,529,310 / 3,950,000,000)
shard_00143: 16,778,705 tokens, 50,811 docs (total 2,416,308,015 / 3,950,000,000)
shard_00144: 16,778,191 tokens, 20,723 docs (total 2,433,086,206 / 3,950,000,000)
shard_00145: 16,777,402 tokens, 52,251 docs (total 2,449,863,608 / 3,950,000,000)
shard_00146: 16,777,947 tokens, 49,730 docs (total 2,466,641,555 / 3,950,000,000)
shard_00147: 16,777,222 tokens, 28,048 docs (total 2,483,418,777 / 3,950,000,000)
shard_00148: 16,777,955 tokens, 21,253 docs (total 2,500,196,732 / 3,950,000,000)
shard_00149: 16,796,023 tokens, 20,702 docs (total 2,516,992,755 / 3,950,000,000)
shard_00150: 16,777,315 tokens, 26,591 docs (total 2,533,770,070 / 3,950,000,000)
shard_00151: 16,777,230 tokens, 47,083 docs (total 2,550,547,300 / 3,950,000,000)
shard_00152: 16,778,103 tokens, 28,877 docs (total 2,567,325,403 / 3,950,000,000)
shard_00153: 16,820,695 tokens, 20,111 docs (total 2,584,146,098 / 3,950,000,000)
shard_00154: 16,777,358 tokens, 20,194 docs (total 2,600,923,456 / 3,950,000,000)
shard_00155: 16,777,249 tokens, 42,230 docs (total 2,617,700,705 / 3,950,000,000)
shard_00156: 16,777,803 tokens, 42,075 docs (total 2,634,478,508 / 3,950,000,000)
shard_00157: 16,777,268 tokens, 41,779 docs (total 2,651,255,776 / 3,950,000,000)
shard_00158: 16,777,445 tokens, 41,693 docs (total 2,668,033,221 / 3,950,000,000)
shard_00159: 16,777,399 tokens, 41,639 docs (total 2,684,810,620 / 3,950,000,000)
shard_00160: 16,777,642 tokens, 31,369 docs (total 2,701,588,262 / 3,950,000,000)
shard_00161: 16,777,264 tokens, 37,388 docs (total 2,718,365,526 / 3,950,000,000)
shard_00162: 16,777,249 tokens, 37,228 docs (total 2,735,142,775 / 3,950,000,000)
shard_00163: 16,777,406 tokens, 36,590 docs (total 2,751,920,181 / 3,950,000,000)
shard_00164: 16,777,652 tokens, 19,532 docs (total 2,768,697,833 / 3,950,000,000)
shard_00165: 16,779,710 tokens, 16,091 docs (total 2,785,477,543 / 3,950,000,000)
shard_00166: 16,778,392 tokens, 15,957 docs (total 2,802,255,935 / 3,950,000,000)
shard_00167: 16,777,237 tokens, 25,379 docs (total 2,819,033,172 / 3,950,000,000)
shard_00168: 16,778,600 tokens, 20,830 docs (total 2,835,811,772 / 3,950,000,000)
shard_00169: 16,778,243 tokens, 16,215 docs (total 2,852,590,015 / 3,950,000,000)
shard_00170: 16,777,341 tokens, 15,704 docs (total 2,869,367,356 / 3,950,000,000)
shard_00171: 16,777,331 tokens, 16,477 docs (total 2,886,144,687 / 3,950,000,000)
shard_00172: 16,778,788 tokens, 16,425 docs (total 2,902,923,475 / 3,950,000,000)
shard_00173: 16,778,126 tokens, 16,209 docs (total 2,919,701,601 / 3,950,000,000)
shard_00174: 16,777,876 tokens, 15,967 docs (total 2,936,479,477 / 3,950,000,000)
shard_00175: 16,777,217 tokens, 36,999 docs (total 2,953,256,694 / 3,950,000,000)
shard_00176: 16,777,898 tokens, 18,333 docs (total 2,970,034,592 / 3,950,000,000)
shard_00177: 16,777,239 tokens, 18,035 docs (total 2,986,811,831 / 3,950,000,000)
shard_00178: 16,777,790 tokens, 26,108 docs (total 3,003,589,621 / 3,950,000,000)
shard_00179: 16,777,924 tokens, 26,379 docs (total 3,020,367,545 / 3,950,000,000)
shard_00180: 16,778,411 tokens, 19,401 docs (total 3,037,145,956 / 3,950,000,000)
shard_00181: 16,777,250 tokens, 19,640 docs (total 3,053,923,206 / 3,950,000,000)
shard_00182: 16,778,303 tokens, 19,643 docs (total 3,070,701,509 / 3,950,000,000)
shard_00183: 16,789,361 tokens, 19,018 docs (total 3,087,490,870 / 3,950,000,000)
shard_00184: 16,778,013 tokens, 18,861 docs (total 3,104,268,883 / 3,950,000,000)
shard_00185: 16,777,490 tokens, 19,370 docs (total 3,121,046,373 / 3,950,000,000)
shard_00186: 16,777,415 tokens, 33,435 docs (total 3,137,823,788 / 3,950,000,000)
shard_00187: 16,778,548 tokens, 44,415 docs (total 3,154,602,336 / 3,950,000,000)
shard_00188: 16,778,218 tokens, 26,115 docs (total 3,171,380,554 / 3,950,000,000)
shard_00189: 16,777,310 tokens, 22,413 docs (total 3,188,157,864 / 3,950,000,000)
shard_00190: 16,777,481 tokens, 22,289 docs (total 3,204,935,345 / 3,950,000,000)
shard_00191: 16,777,243 tokens, 22,370 docs (total 3,221,712,588 / 3,950,000,000)
shard_00192: 16,777,785 tokens, 22,240 docs (total 3,238,490,373 / 3,950,000,000)
shard_00193: 16,777,558 tokens, 22,273 docs (total 3,255,267,931 / 3,950,000,000)
shard_00194: 16,777,452 tokens, 22,334 docs (total 3,272,045,383 / 3,950,000,000)
shard_00195: 16,777,245 tokens, 22,348 docs (total 3,288,822,628 / 3,950,000,000)
shard_00196: 16,783,588 tokens, 20,940 docs (total 3,305,606,216 / 3,950,000,000)
shard_00197: 16,777,258 tokens, 7,646 docs (total 3,322,383,474 / 3,950,000,000)
shard_00198: 16,777,275 tokens, 21,331 docs (total 3,339,160,749 / 3,950,000,000)
shard_00199: 16,777,495 tokens, 21,406 docs (total 3,355,938,244 / 3,950,000,000)
shard_00200: 16,787,015 tokens, 20,739 docs (total 3,372,725,259 / 3,950,000,000)
shard_00201: 16,783,462 tokens, 18,478 docs (total 3,389,508,721 / 3,950,000,000)
shard_00202: 16,778,723 tokens, 3,022 docs (total 3,406,287,444 / 3,950,000,000)
shard_00203: 16,778,638 tokens, 3,126 docs (total 3,423,066,082 / 3,950,000,000)
shard_00204: 16,787,467 tokens, 3,022 docs (total 3,439,853,549 / 3,950,000,000)
shard_00205: 16,777,669 tokens, 3,017 docs (total 3,456,631,218 / 3,950,000,000)
shard_00206: 16,780,244 tokens, 3,018 docs (total 3,473,411,462 / 3,950,000,000)
shard_00207: 16,783,114 tokens, 3,059 docs (total 3,490,194,576 / 3,950,000,000)
shard_00208: 16,778,904 tokens, 3,064 docs (total 3,506,973,480 / 3,950,000,000)
shard_00209: 16,779,344 tokens, 2,972 docs (total 3,523,752,824 / 3,950,000,000)
shard_00210: 16,777,677 tokens, 3,013 docs (total 3,540,530,501 / 3,950,000,000)
shard_00211: 16,780,412 tokens, 3,021 docs (total 3,557,310,913 / 3,950,000,000)
shard_00212: 16,780,622 tokens, 3,091 docs (total 3,574,091,535 / 3,950,000,000)
shard_00213: 16,778,314 tokens, 3,091 docs (total 3,590,869,849 / 3,950,000,000)
shard_00214: 16,780,557 tokens, 3,070 docs (total 3,607,650,406 / 3,950,000,000)
shard_00215: 16,778,330 tokens, 2,991 docs (total 3,624,428,736 / 3,950,000,000)
shard_00216: 16,779,204 tokens, 3,070 docs (total 3,641,207,940 / 3,950,000,000)
shard_00217: 16,779,067 tokens, 3,073 docs (total 3,657,987,007 / 3,950,000,000)
shard_00218: 16,781,038 tokens, 2,997 docs (total 3,674,768,045 / 3,950,000,000)
shard_00219: 16,781,594 tokens, 3,058 docs (total 3,691,549,639 / 3,950,000,000)
shard_00220: 16,786,150 tokens, 3,001 docs (total 3,708,335,789 / 3,950,000,000)
shard_00221: 16,784,383 tokens, 3,048 docs (total 3,725,120,172 / 3,950,000,000)
shard_00222: 16,777,722 tokens, 2,962 docs (total 3,741,897,894 / 3,950,000,000)
shard_00223: 16,783,516 tokens, 3,012 docs (total 3,758,681,410 / 3,950,000,000)
shard_00224: 16,780,995 tokens, 3,047 docs (total 3,775,462,405 / 3,950,000,000)
shard_00225: 16,784,724 tokens, 3,081 docs (total 3,792,247,129 / 3,950,000,000)
shard_00226: 16,779,403 tokens, 2,985 docs (total 3,809,026,532 / 3,950,000,000)
shard_00227: 16,782,702 tokens, 3,004 docs (total 3,825,809,234 / 3,950,000,000)
shard_00228: 16,778,209 tokens, 3,050 docs (total 3,842,587,443 / 3,950,000,000)
shard_00229: 16,778,348 tokens, 3,088 docs (total 3,859,365,791 / 3,950,000,000)
shard_00230: 16,782,451 tokens, 3,058 docs (total 3,876,148,242 / 3,950,000,000)
shard_00231: 16,778,407 tokens, 3,074 docs (total 3,892,926,649 / 3,950,000,000)
shard_00232: 16,781,955 tokens, 3,008 docs (total 3,909,708,604 / 3,950,000,000)
shard_00233: 16,780,521 tokens, 3,098 docs (total 3,926,489,125 / 3,950,000,000)
shard_00234: 16,779,791 tokens, 3,003 docs (total 3,943,268,916 / 3,950,000,000)
shard_00235: 7,595,830 tokens, 1,412 docs (total 3,950,864,746 / 3,950,000,000)

Staged 3,950,864,746 tokens in 236 shards → /root/cs336/scratch_llm/artifacts/s3_scaling_sweep/data
[2026-08-03T14:47:39Z] RUN s7 (grid v1, batch 4, lr default) -> artifacts/s3_rerun_pair/batch4
[s7] depth=12 N=135,288,576 D=1,082,308,608 tok (D:N=8.00) C=8.79e+17 -> 132118 steps (batch 4 x ctx 2048, seed 0)
[s7] val_bpb=0.4051 val_loss=0.5429 wall=6.70 h -> artifacts/s3_rerun_pair/batch4/results.json
[2026-08-03T21:29:35Z] DONE s7 rc=0
[2026-08-03T21:29:35Z] RUN s7 (grid v1, batch 8, lr default) -> artifacts/s3_rerun_pair/batch8
[s7] depth=12 N=135,288,576 D=1,082,308,608 tok (D:N=8.00) C=8.79e+17 -> 66059 steps (batch 8 x ctx 2048, seed 0)
[s7] val_bpb=0.3864 val_loss=0.5179 wall=6.26 h -> artifacts/s3_rerun_pair/batch8/results.json
[2026-08-04T03:45:21Z] DONE s7 rc=0
[2026-08-04T03:45:21Z] RUN p5_d12r4 (grid v3, batch 8, lr 0.0015) -> artifacts/p5/lr0.5
[p5_d12r4] depth=12 N=135,288,576 D=541,154,304 tok (D:N=4.00) C=4.39e+17 -> 33030 steps (batch 8 x ctx 2048, seed 0 lr=0.0015)
[p5_d12r4] val_bpb=0.4079 val_loss=0.5466 wall=3.15 h -> artifacts/p5/lr0.5/results.json
[2026-08-04T06:54:29Z] DONE p5_d12r4 rc=0
[2026-08-04T06:54:29Z] RUN p5_d12r4 (grid v3, batch 8, lr 0.0021) -> artifacts/p5/lr0.7
[p5_d12r4] depth=12 N=135,288,576 D=541,154,304 tok (D:N=4.00) C=4.39e+17 -> 33030 steps (batch 8 x ctx 2048, seed 0 lr=0.0021)
[p5_d12r4] val_bpb=0.4033 val_loss=0.5406 wall=3.18 h -> artifacts/p5/lr0.7/results.json
[2026-08-04T10:05:14Z] DONE p5_d12r4 rc=0
[2026-08-04T10:05:14Z] RUN p5_d12r4 (grid v3, batch 8, lr default) -> artifacts/p5/lr1.0
[p5_d12r4] depth=12 N=135,288,576 D=541,154,304 tok (D:N=4.00) C=4.39e+17 -> 33030 steps (batch 8 x ctx 2048, seed 0)
[p5_d12r4] val_bpb=0.4062 val_loss=0.5443 wall=3.17 h -> artifacts/p5/lr1.0/results.json
[2026-08-04T13:15:49Z] DONE p5_d12r4 rc=0
[2026-08-04T13:15:49Z] RUN p5_d12r4 (grid v3, batch 8, lr 0.0042) -> artifacts/p5/lr1.4
[p5_d12r4] depth=12 N=135,288,576 D=541,154,304 tok (D:N=4.00) C=4.39e+17 -> 33030 steps (batch 8 x ctx 2048, seed 0 lr=0.0042)
[p5_d12r4] val_bpb=0.4199 val_loss=0.5628 wall=3.17 h -> artifacts/p5/lr1.4/results.json
[2026-08-04T16:26:26Z] DONE p5_d12r4 rc=0
[2026-08-04T16:26:26Z] RUN p5_d12r4 (grid v3, batch 8, lr 0.006) -> artifacts/p5/lr2.0
[p5_d12r4] depth=12 N=135,288,576 D=541,154,304 tok (D:N=4.00) C=4.39e+17 -> 33030 steps (batch 8 x ctx 2048, seed 0 lr=0.006)
[p5_d12r4] val_bpb=0.4249 val_loss=0.5694 wall=3.16 h -> artifacts/p5/lr2.0/results.json
[2026-08-04T19:36:04Z] DONE p5_d12r4 rc=0
[2026-08-04T19:36:04Z] phase 1 complete — pick the LR winner (tie-break: lower LR within 0.003 bpb), then launch phase 2
