[2026-08-05T02:46:54Z] === phase 2 starting (eta*=0.0021 held fixed) ===
[2026-08-05T02:46:54Z] RUN p5_d8r4 (grid v3, batch 8, lr 0.0021) -> artifacts/p5_phase2/d8r4_widthprobe
[p5_d8r4] depth=8 N=59,255,296 D=237,021,184 tok (D:N=4.00) C=8.43e+16 -> 14467 steps (batch 8 x ctx 2048, seed 0 lr=0.0021)
[p5_d8r4] val_bpb=0.5325 val_loss=0.7137 wall=0.69 h -> artifacts/p5_phase2/d8r4_widthprobe/results.json
[2026-08-05T03:28:10Z] DONE p5_d8r4 rc=0
[2026-08-05T03:28:10Z] RUN s7 (grid v1, batch 8, lr 0.0021) -> artifacts/p5_phase2/s7_confirm_eta
[2026-08-05T03:29:09Z] phase 2 starting — recipe-v1 peak LR = 0.0021
[2026-08-05T03:29:09Z] RUN s7 (grid v1, batch 8, lr 0.0021) -> artifacts/p5/confirm_r8
[s7] depth=12 N=135,288,576 D=1,082,308,608 tok (D:N=8.00) C=8.79e+17 -> 66059 steps (batch 8 x ctx 2048, seed 0 lr=0.0021)
[s7] val_bpb=0.3847 val_loss=0.5155 wall=6.34 h -> artifacts/p5/confirm_r8/results.json
[2026-08-05T09:49:52Z] DONE s7 rc=0
[2026-08-05T09:49:52Z] RUN p5_d8r4 (grid v3, batch 8, lr 0.0014699999999999997) -> artifacts/p5/width_lr0.7
[p5_d8r4] depth=8 N=59,255,296 D=237,021,184 tok (D:N=4.00) C=8.43e+16 -> 14467 steps (batch 8 x ctx 2048, seed 0 lr=0.00147)
[p5_d8r4] val_bpb=0.5371 val_loss=0.7198 wall=0.70 h -> artifacts/p5/width_lr0.7/results.json
[2026-08-05T10:31:57Z] DONE p5_d8r4 rc=0
[2026-08-05T10:31:57Z] SKIP p5_d8r4 (artifacts/p5/width_lr1.0/results.json already present)
[2026-08-05T10:31:57Z] RUN p5_d8r4 (grid v3, batch 8, lr 0.0029399999999999995) -> artifacts/p5/width_lr1.4
[p5_d8r4] depth=8 N=59,255,296 D=237,021,184 tok (D:N=4.00) C=8.43e+16 -> 14467 steps (batch 8 x ctx 2048, seed 0 lr=0.00294)
[p5_d8r4] val_bpb=0.5324 val_loss=0.7135 wall=0.70 h -> artifacts/p5/width_lr1.4/results.json
[2026-08-05T11:14:04Z] DONE p5_d8r4 rc=0
[2026-08-05T11:14:04Z] RUN s1 (grid v1, batch 8, lr 0.0021) -> artifacts/s35/ladder_s1
[s1] depth=4 N=19,991,808 D=159,934,464 tok (D:N=8.00) C=1.92e+16 -> 9762 steps (batch 8 x ctx 2048, seed 0 lr=0.0021)
[s1] val_bpb=0.7059 val_loss=0.9460 wall=0.23 h -> artifacts/s35/ladder_s1/results.json
[2026-08-05T11:28:05Z] DONE s1 rc=0
[2026-08-05T11:28:05Z] RUN s2 (grid v1, batch 8, lr 0.0021) -> artifacts/s35/ladder_s2
[s2] depth=4 N=19,991,808 D=399,836,160 tok (D:N=20.00) C=4.80e+16 -> 24405 steps (batch 8 x ctx 2048, seed 0 lr=0.0021)
[s2] val_bpb=0.6474 val_loss=0.8676 wall=0.58 h -> artifacts/s35/ladder_s2/results.json
[2026-08-05T12:02:46Z] DONE s2 rc=0
[2026-08-05T12:02:46Z] RUN s3 (grid v1, batch 8, lr 0.0021) -> artifacts/s35/ladder_s3
[s3] depth=4 N=19,991,808 D=799,672,320 tok (D:N=40.00) C=9.59e+16 -> 48809 steps (batch 8 x ctx 2048, seed 0 lr=0.0021)
[s3] val_bpb=0.6056 val_loss=0.8116 wall=1.17 h -> artifacts/s35/ladder_s3/results.json
[2026-08-05T13:13:08Z] DONE s3 rc=0
[2026-08-05T13:13:08Z] RUN s4 (grid v1, batch 8, lr 0.0021) -> artifacts/s35/ladder_s4
[s4] depth=8 N=59,255,296 D=474,042,368 tok (D:N=8.00) C=1.69e+17 -> 28934 steps (batch 8 x ctx 2048, seed 0 lr=0.0021)
[s4] val_bpb=0.4752 val_loss=0.6369 wall=1.39 h -> artifacts/s35/ladder_s4/results.json
[2026-08-05T14:36:43Z] DONE s4 rc=0
[2026-08-05T14:36:43Z] RUN s5 (grid v1, batch 8, lr 0.0021) -> artifacts/s35/ladder_s5
[s5] depth=8 N=59,255,296 D=1,185,105,920 tok (D:N=20.00) C=4.21e+17 -> 72334 steps (batch 8 x ctx 2048, seed 0 lr=0.0021)
[s5] val_bpb=0.4402 val_loss=0.5899 wall=3.47 h -> artifacts/s35/ladder_s5/results.json
[2026-08-05T18:04:44Z] DONE s5 rc=0
[2026-08-05T18:04:44Z] RUN s6 (grid v1, batch 8, lr 0.0021) -> artifacts/s35/ladder_s6
[s6] depth=8 N=59,255,296 D=2,370,211,840 tok (D:N=40.00) C=8.43e+17 -> 144667 steps (batch 8 x ctx 2048, seed 0 lr=0.0021)
[s6] val_bpb=0.4211 val_loss=0.5644 wall=6.94 h -> artifacts/s35/ladder_s6/results.json
[2026-08-06T01:01:03Z] DONE s6 rc=0
[2026-08-06T01:01:03Z] RUN s8 (grid v1, batch 8, lr 0.0021) -> artifacts/s35/d12_r20
[s8] depth=12 N=135,288,576 D=2,705,771,520 tok (D:N=20.00) C=2.20e+18 -> 165148 steps (batch 8 x ctx 2048, seed 0 lr=0.0021)
[s8] val_bpb=0.3543 val_loss=0.4748 wall=15.94 h -> artifacts/s35/d12_r20/results.json
[2026-08-06T16:57:21Z] DONE s8 rc=0
[2026-08-06T16:57:21Z] RUN s35_d14r8 (grid v3, batch 8, lr 0.0021) -> artifacts/s35/d14_r8
[s35_d14r8] depth=14 N=195,228,544 D=1,561,828,352 tok (D:N=8.00) C=1.83e+18 -> 95327 steps (batch 8 x ctx 2048, seed 0 lr=0.0021)
[s35_d14r8] val_bpb=0.3472 val_loss=0.4653 wall=12.63 h -> artifacts/s35/d14_r8/results.json
[2026-08-07T05:35:29Z] DONE s35_d14r8 rc=0
[2026-08-07T05:35:29Z] RUN s35_d14r20 (grid v3, batch 8, lr 0.0021) -> artifacts/s35/d14_r20
[s35_d14r20] depth=14 N=195,228,544 D=3,904,570,880 tok (D:N=20.00) C=4.57e+18 -> 238317 steps (batch 8 x ctx 2048, seed 0 lr=0.0021)
[s35_d14r20] val_bpb=0.3197 val_loss=0.4284 wall=31.49 h -> artifacts/s35/d14_r20/results.json
[2026-08-08T13:04:50Z] DONE s35_d14r20 rc=0
[2026-08-08T13:04:50Z] phase 2 complete — sync artifacts back, then fit + gates + charts on the laptop
